2026-07-31 07:52:06,631 | INFO | monitor | Scanning listing page 1: https://www.freelancermap.com/projects
Continuous monitor started. Interval: 600 seconds. Press Ctrl+C to stop.
Cycle complete (normal): discovered=22, new=0, details_saved=0, detail_failures=0, emailed=0
usage: main.py [-h]
               [--run-once | --initialize-baseline | --interactive-login | --test-login | --login-with-credentials | --test-browser | --send-test-email | --health-check | --db-status | --list-projects | --recent-scans | --export-csv PATH | --backup-db PATH | --retry-failed-details]
               [--dry-run] [--visible] [--limit LIMIT]
               [--log-level {DEBUG,INFO,WARNING,ERROR,CRITICAL}]
main.py: error: unrecognized arguments: --continuous
2026-07-31 08:33:44,684 | INFO | monitor | Scanning listing page 1: https://www.freelancermap.com/projects
2026-07-31 08:34:09,591 | INFO | monitor | Saved project detail: Site Engineer II
2026-07-31 08:34:19,312 | INFO | monitor | Saved project detail: Automation Tester - Active SC - £400 Inside
2026-07-31 08:34:26,526 | INFO | monitor | Saved project detail: Automation Tester (SC)
2026-07-31 08:34:34,028 | INFO | monitor | Saved project detail: Oracle ERP Project Manager - Contract - Dublin/Remote
2026-07-31 08:34:41,678 | INFO | monitor | Saved project detail: Automation Test Lead - Active SC - £430 Inside
2026-07-31 08:34:51,446 | INFO | monitor | Saved project detail: Incident Response Lead
2026-07-31 08:34:58,733 | INFO | monitor | Saved project detail: Network & Infrastructure Project Manager - Dubai - B2B Contract
2026-07-31 08:35:07,430 | INFO | monitor | Saved project detail: IT Systems Operations Engineer - Azure, Payments
2026-07-31 08:35:16,556 | INFO | monitor | Saved project detail: GCP Platform Provisioning Engineer
2026-07-31 08:35:25,752 | INFO | monitor | Saved project detail: Fractional Advisor - Global Employment Transfer & Workforce Transition (TUPE/ARD Equivalents)
2026-07-31 08:35:34,397 | INFO | monitor | Saved project detail: SC Cleated FPGA Engineer
2026-07-31 08:35:41,473 | INFO | monitor | Saved project detail: Technology Service Team Leader
2026-07-31 08:35:50,517 | INFO | monitor | Saved project detail: Manufacturing Programme Manager
2026-07-31 08:35:57,136 | INFO | monitor | Saved project detail: GCP Developer
2026-07-31 08:36:05,561 | INFO | monitor | Saved project detail: Azure Cloud Engineer
2026-07-31 08:36:13,612 | INFO | monitor | Saved project detail: Python Developer
2026-07-31 08:36:21,189 | INFO | monitor | Saved project detail: Product Management Coach
2026-07-31 08:36:28,413 | INFO | monitor | Saved project detail: Senior Aruba Consultant - Dublin/Hybrid - €500.00 Per Day
2026-07-31 08:36:35,094 | INFO | monitor | Saved project detail: Reconciliation Services Owner/Technology Lead VP Dublin
2026-07-31 08:36:42,624 | INFO | monitor | Saved project detail: Azure Cloud Infrastructure Engineer/SRE (Contract)
2026-07-31 08:36:50,575 | INFO | monitor | Saved project detail: Business Application Support Compliance Contract Dublin
2026-07-31 08:36:57,970 | INFO | monitor | Saved project detail: Senior Systems Engineer - Secure Digital Platform (SDP)
Continuous monitor started. Interval: 600 seconds. Press Ctrl+C to stop.
Cycle complete (normal): discovered=22, new=0, details_saved=22, detail_failures=0, emailed=0
2026-07-31 08:47:01,027 | INFO | monitor | Scanning listing page 1: https://www.freelancermap.com/projects
Cycle complete (normal): discovered=22, new=0, details_saved=0, detail_failures=0, emailed=0
2026-07-31 08:57:12,548 | INFO | monitor | Scanning listing page 1: https://www.freelancermap.com/projects
Cycle complete (normal): discovered=22, new=0, details_saved=0, detail_failures=0, emailed=0
2026-07-31 09:07:21,996 | INFO | monitor | Scanning listing page 1: https://www.freelancermap.com/projects
Cycle complete (normal): discovered=22, new=0, details_saved=0, detail_failures=0, emailed=0
2026-07-31 09:17:29,849 | INFO | monitor | Scanning listing page 1: https://www.freelancermap.com/projects
Cycle complete (normal): discovered=22, new=0, details_saved=0, detail_failures=0, emailed=0
2026-07-31 10:49:18,208 | INFO | monitor | Scanning listing page 1: https://www.freelancermap.com/projects
Cycle complete (normal): discovered=22, new=0, details_saved=0, detail_failures=0, emailed=0
2026-07-31 11:56:57,798 | INFO | monitor | Scanning listing page 1: https://www.freelancermap.com/projects
Cycle complete (normal): discovered=22, new=0, details_saved=0, detail_failures=0, emailed=0
2026-07-31 12:07:08,109 | INFO | monitor | Scanning listing page 1: https://www.freelancermap.com/projects
Cycle complete (normal): discovered=22, new=0, details_saved=0, detail_failures=0, emailed=0
2026-07-31 12:17:18,242 | INFO | monitor | Scanning listing page 1: https://www.freelancermap.com/projects
2026-07-31 12:18:05,897 | WARNING | monitor | Listing extraction attempt 1/3 failed for https://www.freelancermap.com/projects: DiscoveryError: Listing page 1 produced zero parsed project cards.. Retrying.
2026-07-31 12:18:24,687 | INFO | monitor | Listing extraction recovered on attempt 2/3.
Cycle complete (normal): discovered=22, new=0, details_saved=0, detail_failures=0, emailed=0
2026-07-31 12:28:29,905 | INFO | monitor | Scanning listing page 1: https://www.freelancermap.com/projects
2026-07-31 12:28:39,863 | INFO | monitor | Saved project detail: Cyber Security Consultant: Tanium, Security, SC Clearance
2026-07-31 12:28:50,828 | INFO | monitor | Saved project detail: Workday HCM Core HR Consultant
2026-07-31 12:28:56,159 | INFO | monitor | SMTP accepted 2 project notification(s); Message-ID=<freelancermap-4de9ac696bd17d87d0006e3c0c7b5a8d@gmail.com>
Cycle complete (normal): discovered=22, new=2, details_saved=2, detail_failures=0, emailed=2
2026-07-31 12:38:58,374 | INFO | monitor | Scanning listing page 1: https://www.freelancermap.com/projects
Cycle complete (normal): discovered=22, new=0, details_saved=0, detail_failures=0, emailed=0
2026-07-31 12:49:09,366 | INFO | monitor | Scanning listing page 1: https://www.freelancermap.com/projects
Cycle complete (normal): discovered=22, new=0, details_saved=0, detail_failures=0, emailed=0
2026-07-31 12:59:19,574 | INFO | monitor | Scanning listing page 1: https://www.freelancermap.com/projects
Cycle complete (normal): discovered=22, new=0, details_saved=0, detail_failures=0, emailed=0
2026-07-31 14:35:28,152 | INFO | monitor | Scanning listing page 1: https://www.freelancermap.com/projects
2026-07-31 14:35:40,375 | INFO | monitor | Saved project detail: SAP Plant Maintenance Consultant
2026-07-31 14:35:50,131 | INFO | monitor | Saved project detail: SAP Automotive Functional Lead Architect
2026-07-31 14:35:58,378 | INFO | monitor | Saved project detail: SAP Automotive Direct Procurement Lead
2026-07-31 14:36:04,972 | INFO | monitor | Saved project detail: MES & SAP Project Manager - 12+ months - freelance - hybrid
2026-07-31 14:36:10,928 | INFO | monitor | Saved project detail: SAP MM/P2P Consultants - Netherlands - 8+ Months - Hybrid
2026-07-31 14:36:18,049 | INFO | monitor | Saved project detail: Senior SAP Finance Consultant (S/4HANA Transformation) - Hybrid
2026-07-31 14:36:24,808 | INFO | monitor | Saved project detail: Oracle Fusion Finance Consultant - 12 Month Contract
2026-07-31 14:36:32,753 | INFO | monitor | Saved project detail: Export Control Product Lead
2026-07-31 14:36:41,946 | INFO | monitor | Saved project detail: Automation Test Lead (SC)
2026-07-31 14:36:50,250 | INFO | monitor | Saved project detail: Data Scientist
2026-07-31 14:36:58,488 | INFO | monitor | Saved project detail: Data Engineer (GCP)
2026-07-31 14:37:06,856 | INFO | monitor | Saved project detail: SC cleared Azure DevOps engineer- MUST HAVE SC TO APPLY
2026-07-31 14:37:13,680 | INFO | monitor | Saved project detail: QA CSV Lead (PAS-X implementation project)
2026-07-31 14:37:22,943 | INFO | monitor | Saved project detail: Sistemista Linux – Automation & Operations Engineer
2026-07-31 14:37:29,004 | INFO | monitor | Saved project detail: Analista funzionale verticale su Power BI
2026-07-31 14:37:35,860 | INFO | monitor | SMTP accepted 15 project notification(s); Message-ID=<freelancermap-99502db12acc850a553084c3c3fa1c10@gmail.com>
Cycle complete (normal): discovered=22, new=15, details_saved=15, detail_failures=0, emailed=15
2026-07-31 15:00:03,318 | INFO | monitor | Scanning listing page 1: https://www.freelancermap.com/projects
Cycle complete (normal): discovered=22, new=0, details_saved=0, detail_failures=0, emailed=0
2026-07-31 15:10:15,553 | INFO | monitor | Scanning listing page 1: https://www.freelancermap.com/projects
Cycle complete (normal): discovered=22, new=0, details_saved=0, detail_failures=0, emailed=0
2026-07-31 15:20:28,525 | INFO | monitor | Scanning listing page 1: https://www.freelancermap.com/projects
Cycle complete (normal): discovered=22, new=0, details_saved=0, detail_failures=0, emailed=0
2026-07-31 15:30:38,667 | INFO | monitor | Scanning listing page 1: https://www.freelancermap.com/projects
2026-07-31 15:30:47,021 | INFO | monitor | Saved project detail: FEL260813P2A2: Senior F5 BIG-IP Network & Security Engineer (Brussels, 60% Remote, 4 months)
2026-07-31 15:30:55,984 | INFO | monitor | Saved project detail: Hydrocarbon Accounting Consultant
2026-07-31 15:31:02,532 | INFO | monitor | Saved project detail: Workday Integrations Consultant
2026-07-31 15:31:11,977 | INFO | monitor | Saved project detail: Support Analyst - PSTN, Networking
2026-07-31 15:31:17,869 | INFO | monitor | Saved project detail: Change Lead - Finance Transformation - London/Hybrid - contract
2026-07-31 15:31:23,940 | INFO | monitor | Saved project detail: Python Developer
2026-07-31 15:31:33,244 | INFO | monitor | Saved project detail: Azure/AWS Cloud Project Delivery Engineer - MUST HAVE eSC CLEARANCE - London and remote - 6 months
2026-07-31 15:31:42,657 | INFO | monitor | Saved project detail: Oracle Fusion Technical Integration Consultant - 12 months
2026-07-31 15:31:51,544 | INFO | monitor | Saved project detail: Cyber Security Engineer
2026-07-31 15:31:59,117 | INFO | monitor | Saved project detail: SC Cleared Performance Test Engineer - Leeds (50% Onsite) - Performance Testing, JMeter, Cloud
2026-07-31 15:32:05,973 | INFO | monitor | Saved project detail: Oracle Fusion Technical Consultant - 12 months
2026-07-31 15:32:13,597 | INFO | monitor | Saved project detail: Migration Architect - HYBRID - INSIDE IR35
2026-07-31 15:32:21,880 | INFO | monitor | Saved project detail: Engineering Practice Lead
2026-07-31 15:32:30,124 | INFO | monitor | Saved project detail: Deployment Engineer - SC Cleared
2026-07-31 15:32:37,152 | INFO | monitor | Saved project detail: Mobile QA Tester (Italian-Speaking)
2026-07-31 15:32:46,065 | INFO | monitor | Saved project detail: Salesforce Administrator
2026-07-31 15:32:51,997 | INFO | monitor | Saved project detail: SAP Master Data Consultant - 8+ Months
2026-07-31 15:33:00,548 | INFO | monitor | Saved project detail: Deskside Support X4
2026-07-31 15:33:07,241 | INFO | monitor | Saved project detail: Cloud Infrastructure Engineers (Azure)
2026-07-31 15:33:16,352 | INFO | monitor | Saved project detail: AEM Technical Architect
2026-07-31 15:33:25,804 | INFO | monitor | Saved project detail: User Researcher - Government
2026-07-31 15:33:34,143 | INFO | monitor | Saved project detail: ServiceNow ITSM Developer - Leatherhead, Surrey
2026-07-31 15:33:39,738 | INFO | monitor | SMTP accepted 22 project notification(s); Message-ID=<freelancermap-1cf9a380037a90c79317adfdec9c86c0@gmail.com>
Cycle complete (normal): discovered=22, new=22, details_saved=22, detail_failures=0, emailed=22
2026-07-31 15:43:42,021 | INFO | monitor | Scanning listing page 1: https://www.freelancermap.com/projects
Cycle complete (normal): discovered=22, new=0, details_saved=0, detail_failures=0, emailed=0
2026-07-31 15:54:05,383 | INFO | monitor | Scanning listing page 1: https://www.freelancermap.com/projects
Cycle complete (normal): discovered=22, new=0, details_saved=0, detail_failures=0, emailed=0
2026-07-31 16:04:18,908 | INFO | monitor | Scanning listing page 1: https://www.freelancermap.com/projects
2026-07-31 16:04:29,793 | INFO | monitor | Saved project detail: Java Engineer x2
2026-07-31 16:04:41,899 | INFO | monitor | Saved project detail: Java Engineer x2
2026-07-31 16:04:46,619 | INFO | monitor | SMTP accepted 2 project notification(s); Message-ID=<freelancermap-a04a29d78931b9c4648d6e10ba0c4f41@gmail.com>
Cycle complete (normal): discovered=22, new=2, details_saved=2, detail_failures=0, emailed=2
2026-07-31 16:15:45,282 | INFO | monitor | Scanning listing page 1: https://www.freelancermap.com/projects
Cycle complete (normal): discovered=22, new=0, details_saved=0, detail_failures=0, emailed=0
2026-07-31 16:25:53,499 | INFO | monitor | Scanning listing page 1: https://www.freelancermap.com/projects
Cycle complete (normal): discovered=22, new=0, details_saved=0, detail_failures=0, emailed=0
2026-07-31 16:36:04,563 | INFO | monitor | Scanning listing page 1: https://www.freelancermap.com/projects
2026-07-31 16:36:13,064 | INFO | monitor | Saved project detail: Business Analyst - German E-Invoicing
2026-07-31 16:36:25,483 | INFO | monitor | Saved project detail: IT Support Technician (SC)
2026-07-31 16:36:31,491 | INFO | monitor | Saved project detail: ServiceNow Developer (HRSD)
2026-07-31 16:36:38,819 | INFO | monitor | Saved project detail: Migration Architect -VMware to Hyper-V)
2026-07-31 16:36:46,100 | INFO | monitor | Saved project detail: Java Back End Engineer
2026-07-31 16:36:57,874 | INFO | monitor | Saved project detail: Frontend Engineer (React js/Cypress or Playwright)
2026-07-31 16:37:08,966 | INFO | monitor | Saved project detail: Qualys Security Engineer - 6 months - Inside IR35 - Hybrid in Southampton
2026-07-31 16:37:18,193 | INFO | monitor | Saved project detail: Robotics and Embedded Controls Engineer
2026-07-31 16:37:30,111 | INFO | monitor | Saved project detail: QA Tester (ITEC Data Exploitation) - Sage
2026-07-31 16:37:36,913 | INFO | monitor | Saved project detail: DevOps Engineer
2026-07-31 16:37:45,087 | INFO | monitor | Saved project detail: SC Cleared Windows 11 IT Engineer - Derby - £25.75 Per Hour Umbrella
2026-07-31 16:37:55,081 | INFO | monitor | Saved project detail: ServiceNow Developer | Inside IR35 | Active SC Required
2026-07-31 16:38:01,913 | INFO | monitor | Saved project detail: Senior Data Performance Analyst
2026-07-31 16:38:08,720 | INFO | monitor | Saved project detail: Business Analyst (TPRM)
2026-07-31 16:38:17,841 | INFO | monitor | Saved project detail: SC Cleared Embedded Software Engineer C/C++ - Portsmouth/Hybrid - £60.00 per hour Umbrella
2026-07-31 16:38:24,444 | INFO | monitor | Saved project detail: SAP MM Technical Consultant/TPO
2026-07-31 16:38:30,593 | INFO | monitor | Saved project detail: SAP SD OEX Technical Consultant/TPO
2026-07-31 16:38:36,991 | INFO | monitor | Saved project detail: SAP SuccessFactors Payroll Consultant
2026-07-31 16:38:43,015 | INFO | monitor | Saved project detail: AWS Aurora, Amazon RDS, PostgreSQL DBA - MUST HAVE ACTIVE SC CLEARANCE - London or Croydon - 4 month
2026-07-31 16:38:49,626 | INFO | monitor | Saved project detail: Data Modeller
2026-07-31 16:38:58,227 | INFO | monitor | Saved project detail: Senior UX/Interaction Designer - £500 - £550 - Inside IR35 - once a month in Leeds
2026-07-31 16:39:06,092 | INFO | monitor | Saved project detail: Business Intelligence Developer
2026-07-31 16:39:12,000 | INFO | monitor | SMTP accepted 22 project notification(s); Message-ID=<freelancermap-ebfb8725c4866232a95b142edb259c30@gmail.com>
Cycle complete (normal): discovered=22, new=22, details_saved=22, detail_failures=0, emailed=22
2026-07-31 16:49:13,774 | INFO | monitor | Scanning listing page 1: https://www.freelancermap.com/projects
2026-07-31 16:49:22,138 | INFO | monitor | Saved project detail: Freelance Junior PMO / Project Assistant – Stockholm
2026-07-31 16:49:25,216 | INFO | monitor | SMTP accepted 1 project notification(s); Message-ID=<freelancermap-5fd5f19dfeae346c02106e248fd0d885@gmail.com>
Cycle complete (normal): discovered=22, new=1, details_saved=1, detail_failures=0, emailed=1
2026-07-31 17:23:00,561 | INFO | monitor | Scanning listing page 1: https://www.freelancermap.com/projects
2026-07-31 17:23:08,625 | INFO | monitor | Saved project detail: 404 Not Found
2026-07-31 17:23:16,443 | INFO | monitor | Saved project detail: 404 Not Found
2026-07-31 17:23:22,088 | INFO | monitor | Saved project detail: 404 Not Found
2026-07-31 17:23:29,816 | INFO | monitor | Saved project detail: Czech SAP WM Workstream Lead (m/f/d)
2026-07-31 17:23:38,448 | INFO | monitor | Saved project detail: Czech SAP SD Workstream Lead (m/f/d)
2026-07-31 17:23:43,174 | INFO | monitor | SMTP accepted 2 project notification(s); Message-ID=<freelancermap-84677346b1e6b5b70eed4070c1782e41@gmail.com>
Cycle complete (normal): discovered=22, new=2, details_saved=5, detail_failures=0, emailed=2
2026-07-31 17:33:45,372 | INFO | monitor | Scanning listing page 1: https://www.freelancermap.com/projects
2026-07-31 17:33:54,434 | INFO | monitor | Saved project detail: SC Cleared User Researcher | Central Government
2026-07-31 17:34:02,226 | INFO | monitor | Saved project detail: SC Cleared Service Designer
2026-07-31 17:34:08,029 | INFO | monitor | Saved project detail: SC Cleared Interaction Designer
2026-07-31 17:34:15,380 | INFO | monitor | Saved project detail: B1 Licenced Engineer
2026-07-31 17:34:21,775 | INFO | monitor | Saved project detail: SC Cleared PKI Consultant - Stevenage/Remote - 15 Days
2026-07-31 17:34:30,342 | INFO | monitor | Saved project detail: SOC Duty Manager (DV Cleared)
2026-07-31 17:34:35,625 | INFO | monitor | SMTP accepted 6 project notification(s); Message-ID=<freelancermap-7ac354e00405ddfc39cffdb28450b474@gmail.com>
Cycle complete (normal): discovered=22, new=6, details_saved=6, detail_failures=0, emailed=6
2026-07-31 17:44:46,549 | INFO | monitor | Scanning listing page 1: https://www.freelancermap.com/projects
Cycle complete (normal): discovered=22, new=0, details_saved=0, detail_failures=0, emailed=0
